Microchip MPLAB XC8 Compiler V2.40

Linker command line:

-W-3 \
  --edf=C:\Program Files\Microchip\xc8\v2.40\pic\dat\20220703182018_en.msgs \
  -cn -h+dist/default/production\poslab3-master.X.production.sym \
  --cmf=dist/default/production\poslab3-master.X.production.cmf -z -Q16F887 \
  -oC:\Users\kirby\AppData\Local\Temp\xcAs6h8.4 --defsym=__MPLAB_BUILD=1 \
  --fixupoverflow=error \
  -Mdist/default/production/poslab3-master.X.production.map \
  --md=C:\Users\kirby\AppData\Local\Temp\xcAs6h8.dat -E1 -ver=XC8 Compiler \
  --acfsm=1493 -ACODE=00h-07FFhx4 -ASTRCODE=00h-01FFFh -ASTRING=00h-0FFhx32 \
  -ACONST=00h-0FFhx32 -AENTRY=00h-0FFhx32 -ACOMMON=070h-07Fh \
  -ABANK0=020h-06Fh -ABANK1=0A0h-0EFh -ABANK2=0110h-016Fh \
  -ABANK3=0190h-01EFh -ARAM=020h-06Fh,0A0h-0EFh,0110h-016Fh,0190h-01EFh \
  -AABS1=020h-07Fh,0A0h-0EFh,0110h-016Fh,0190h-01EFh -ASFR0=00h-01Fh \
  -ASFR1=080h-09Fh -ASFR2=0100h-010Fh -ASFR3=0180h-018Fh \
  -ACONFIG=02007h-02008h -DCONFIG=2 -AIDLOC=02000h-02003h -DIDLOC=2 \
  -AEEDATA=00h-0FFh/02100h -peeprom_data=EEDATA -DEEDATA=2 -DCODE=2 \
  -DSTRCODE=2 -DSTRING=2 -DCONST=2 -DENTRY=2 \
  -preset_vec=00h,intentry,init,end_init -ppowerup=CODE -pcinit=CODE \
  -pfunctab=ENTRY -k C:\Users\kirby\AppData\Local\Temp\xcAs6h8.o \
  dist/default/production\poslab3-master.X.production.o 

Object code version is 3.11

Machine type is 16F887



                Name                               Link     Load   Length Selector   Space Scale
C:\Users\kirby\AppData\Local\Temp\xcAs6h8.o
                end_init                              0        0        3        0       0
                config                             2007     2007        2        0       4
                idloc                              2000     2000        4        0       5
dist/default/production\poslab3-master.X.production.o
                cinit                               7FC      7FC        4      FF8       0
                config                             2007     2007        2        0       4
                idloc                              2000     2000        4        0       5
                text16                              45E      45E       25      8BC       0
                text15                              3C9      3C9        6      792       0
                text14                              408      408       1A      810       0
                text13                              3E5      3E5        D      7CA       0
                text12                              587      587       58      B0E       0
                text11                              43E      43E       20      87C       0
                text10                              422      422       1C      844       0
                text9                               4BD      4BD       42      97A       0
                text8                               3F2      3F2       16      7E4       0
                text7                               4FF      4FF       44      9FE       0
                text6                               3D5      3D5        7      7AA       0
                text5                               3DC      3DC        9      7B8       0
                text4                               3CF      3CF        6      79E       0
                text3                               543      543       44      A86       0
                text2                               483      483       3A      906       0
                text1                               5DF      5DF       C1      BBE       0
                maintext                            6A0      6A0      15C      D40       0
                cstackBANK0                          20       20        F       20       1
                cstackCOMMON                         70       70        E       70       1
                cstackBANK1                          A0       A0       4B       A0       1
                strings                               3        3       55        6       0

TOTAL           Name                               Link     Load   Length     Space
        CLASS   CODE           
                end_init                              0        0        3         0
                cinit                               7FC      7FC        4         0
                text16                              45E      45E       25         0
                text15                              3C9      3C9        6         0
                text14                              408      408       1A         0
                text13                              3E5      3E5        D         0
                text12                              587      587       58         0
                text11                              43E      43E       20         0
                text10                              422      422       1C         0
                text9                               4BD      4BD       42         0
                text8                               3F2      3F2       16         0
                text7                               4FF      4FF       44         0
                text6                               3D5      3D5        7         0
                text5                               3DC      3DC        9         0
                text4                               3CF      3CF        6         0
                text3                               543      543       44         0
                text2                               483      483       3A         0
                text1                               5DF      5DF       C1         0
                maintext                            6A0      6A0      15C         0

        CLASS   STRCODE        

        CLASS   STRING         
                strings                               3        3       55         0

        CLASS   CONST          

        CLASS   ENTRY          

        CLASS   COMMON         
                cstackCOMMON                         70       70        E         1

        CLASS   BANK0          
                cstackBANK0                          20       20        F         1

        CLASS   BANK1          
                cstackBANK1                          A0       A0       4B         1

        CLASS   BANK2          

        CLASS   BANK3          

        CLASS   RAM            

        CLASS   ABS1           
                abs_s1                               7E       7E        2         1

        CLASS   SFR0           

        CLASS   SFR1           

        CLASS   SFR2           

        CLASS   SFR3           

        CLASS   CONFIG         
                config                             2007     2007        2         4

        CLASS   IDLOC          
                idloc                              2000     2000        4         5

        CLASS   EEDATA         

        CLASS   STACK          



SEGMENTS        Name                           Load    Length   Top    Selector   Space  Class     Delta

                reset_vec                      000000  000003  000003         0       0  CODE        2
                strings                        000003  000055  000058         6       0  STRING      2
                cstackBANK0                    000020  00000F  00002F        20       1  BANK0       1
                cstackCOMMON                   000070  00000E  00007E        70       1  COMMON      1
                cstackBANK1                    0000A0  00004B  0000EB        A0       1  BANK1       1
                text15                         0003C9  000006  0003CF       792       0  CODE        2
                text4                          0003CF  000006  0003D5       79E       0  CODE        2
                text6                          0003D5  000007  0003DC       7AA       0  CODE        2
                text5                          0003DC  000009  0003E5       7B8       0  CODE        2
                text13                         0003E5  00000D  0003F2       7CA       0  CODE        2
                text8                          0003F2  000016  000408       7E4       0  CODE        2
                text14                         000408  00001A  000422       810       0  CODE        2
                text10                         000422  00001C  00043E       844       0  CODE        2
                text11                         00043E  000020  00045E       87C       0  CODE        2
                text16                         00045E  000025  000483       8BC       0  CODE        2
                text2                          000483  00003A  0004BD       906       0  CODE        2
                text9                          0004BD  000042  0004FF       97A       0  CODE        2
                text7                          0004FF  000044  000543       9FE       0  CODE        2
                text3                          000543  000044  000587       A86       0  CODE        2
                text12                         000587  000058  0005DF       B0E       0  CODE        2
                text1                          0005DF  0000C1  0006A0       BBE       0  CODE        2
                maintext                       0006A0  00015C  0007FC       D40       0  CODE        2
                cinit                          0007FC  000004  000800       FF8       0  CODE        2


UNUSED ADDRESS RANGES

        Name                Unused          Largest block    Delta
        BANK0            002F-006F             41           1
        BANK1            00EB-00EF              5           1
        BANK2            0110-016F             60           1
        BANK3            0190-01EF             60           1
        CODE             0058-03C8            371           2
                         0800-1FFF            800
        CONST            0058-03C8            100           2
                         0800-1FFF            100
        EEDATA           2100-21FF            100           2
        ENTRY            0058-03C8            100           2
                         0800-1FFF            100
        RAM              002F-006F             41           1
                         00EB-00EF              5
                         0110-016F             60
                         0190-01EF             60
        SFR0             0000-001F             20           1
        SFR1             0080-009F             20           1
        SFR2             0100-010F             10           1
        SFR3             0180-018F             10           1
        STRCODE          0058-03C8            371           2
                         0800-1FFF           1800
        STRING           0058-03C8            100           2
                         0800-1FFF            100

                                  Symbol Table

?___lwdiv                 cstackCOMMON 0070
?___lwmod                 cstackCOMMON 0078
?___wmul                  cstackCOMMON 0070
?_sprintf                 cstackBANK0  0020
Lcd_Cmd@a                 cstackCOMMON 0073
Lcd_Port@a                cstackCOMMON 0070
Lcd_Set_Cursor@a          cstackCOMMON 0075
Lcd_Set_Cursor@b          cstackCOMMON 0074
Lcd_Set_Cursor@temp       cstackCOMMON 0076
Lcd_Write_Char@a          cstackCOMMON 0072
Lcd_Write_String@a        cstackCOMMON 0073
Lcd_Write_String@i        cstackCOMMON 0078
_ANSEL                    (abs)        0188
_ANSELH                   (abs)        0189
_Lcd_Clear                text13       03E5
_Lcd_Cmd                  text14       0408
_Lcd_Init                 text12       0587
_Lcd_Port                 text15       03C9
_Lcd_Set_Cursor           text11       043E
_Lcd_Write_Char           text10       0422
_Lcd_Write_String         text9        04BD
_PORTA                    (abs)        0005
_PORTB                    (abs)        0006
_PORTCbits                (abs)        0007
_PORTD                    (abs)        0008
_PORTE                    (abs)        0009
_PORTEbits                (abs)        0009
_SSPBUF                   (abs)        0013
_SSPCON                   (abs)        0014
_SSPSTAT                  (abs)        0094
_SSPSTATbits              (abs)        0094
_TRISA                    (abs)        0085
_TRISB                    (abs)        0086
_TRISC3                   (abs)        043B
_TRISC5                   (abs)        043D
_TRISCbits                (abs)        0087
_TRISD                    (abs)        0088
_TRISE                    (abs)        0089
__Habs1                   abs1         0000
__Hbank0                  bank0        0000
__Hbank1                  bank1        0000
__Hbank2                  bank2        0000
__Hbank3                  bank3        0000
__Hcinit                  cinit        0800
__Hclrtext                clrtext      0000
__Hcode                   code         0000
__Hcommon                 common       0000
__Hconfig                 config       2009
__HcstackBANK0            cstackBANK0  0000
__HcstackBANK1            cstackBANK1  0000
__HcstackCOMMON           cstackCOMMON 0000
__Heeprom_data            eeprom_data  0000
__Hend_init               end_init     0003
__Hfunctab                functab      0000
__Hidloc                  idloc        2004
__Hinit                   init         0000
__Hintentry               intentry     0000
__Hmaintext               maintext     0000
__Hpowerup                powerup      0000
__Hram                    ram          0000
__Hreset_vec              reset_vec    0000
__Hsfr0                   sfr0         0000
__Hsfr1                   sfr1         0000
__Hsfr2                   sfr2         0000
__Hsfr3                   sfr3         0000
__Hspace_0                (abs)        0800
__Hspace_1                (abs)        00EB
__Hspace_2                (abs)        0000
__Hspace_3                (abs)        0000
__Hspace_4                (abs)        4010
__Hstack                  stack        0000
__Hstrings                strings      0000
__Htext                   text         0000
__Labs1                   abs1         0000
__Lbank0                  bank0        0000
__Lbank1                  bank1        0000
__Lbank2                  bank2        0000
__Lbank3                  bank3        0000
__Lcinit                  cinit        07FC
__Lclrtext                clrtext      0000
__Lcode                   code         0000
__Lcommon                 common       0000
__Lconfig                 config       0000
__LcstackBANK0            cstackBANK0  0000
__LcstackBANK1            cstackBANK1  0000
__LcstackCOMMON           cstackCOMMON 0000
__Leeprom_data            eeprom_data  0000
__Lend_init               end_init     0000
__Lfunctab                functab      0000
__Lidloc                  idloc        0000
__Linit                   init         0000
__Lintentry               intentry     0000
__Lmaintext               maintext     0000
__Lpowerup                powerup      0000
__Lram                    ram          0000
__Lreset_vec              reset_vec    0000
__Lsfr0                   sfr0         0000
__Lsfr1                   sfr1         0000
__Lsfr2                   sfr2         0000
__Lsfr3                   sfr3         0000
__Lspace_0                (abs)        0000
__Lspace_1                (abs)        0000
__Lspace_2                (abs)        0000
__Lspace_3                (abs)        0000
__Lspace_4                (abs)        0000
__Lstack                  stack        0000
__Lstrings                strings      0000
__Ltext                   text         0000
__S0                      (abs)        0800
__S1                      (abs)        00EB
__S3                      (abs)        0000
___int_sp                 stack        0000
___latbits                (abs)        0002
___lwdiv                  text3        0543
___lwdiv@counter          cstackCOMMON 0077
___lwdiv@dividend         cstackCOMMON 0072
___lwdiv@divisor          cstackCOMMON 0070
___lwdiv@quotient         cstackCOMMON 0075
___lwmod                  text2        0483
___lwmod@counter          cstackCOMMON 007D
___lwmod@dividend         cstackCOMMON 007A
___lwmod@divisor          cstackCOMMON 0078
___sp                     stack        0000
___stackhi                (abs)        0000
___stacklo                (abs)        0000
___wmul                   text16       045E
___wmul@multiplicand      cstackCOMMON 0072
___wmul@multiplier        cstackCOMMON 0070
___wmul@product           cstackCOMMON 0074
__end_of_Lcd_Clear        text13       03F2
__end_of_Lcd_Cmd          text14       0422
__end_of_Lcd_Init         text12       05DF
__end_of_Lcd_Port         text15       03CF
__end_of_Lcd_Set_Cursor   text11       045E
__end_of_Lcd_Write_Char   text10       043E
__end_of_Lcd_Write_String text9        04FF
__end_of___lwdiv          text3        0587
__end_of___lwmod          text2        04BD
__end_of___wmul           text16       0483
__end_of__initialization  cinit        07FC
__end_of__stringtab       strings      0013
__end_of_dpowers          strings      001D
__end_of_main             maintext     07FC
__end_of_setup            text7        0543
__end_of_spiInit          text8        0408
__end_of_spiRead          text5        03E5
__end_of_spiReceiveWait   text6        03DC
__end_of_spiWrite         text4        03D5
__end_of_sprintf          text1        06A0
__initialization          cinit        07FC
__pcstackBANK0            cstackBANK0  0020
__pcstackBANK1            cstackBANK1  00A0
__pcstackCOMMON           cstackCOMMON 0070
__pmaintext               maintext     06A0
__pstrings                strings      0003
__ptext1                  text1        05DF
__ptext10                 text10       0422
__ptext11                 text11       043E
__ptext12                 text12       0587
__ptext13                 text13       03E5
__ptext14                 text14       0408
__ptext15                 text15       03C9
__ptext16                 text16       045E
__ptext2                  text2        0483
__ptext3                  text3        0543
__ptext4                  text4        03CF
__ptext5                  text5        03DC
__ptext6                  text6        03D5
__ptext7                  text7        04FF
__ptext8                  text8        03F2
__ptext9                  text9        04BD
__stringbase              strings      0012
__stringtab               strings      0003
_dpowers                  strings      0013
_main                     maintext     06A0
_setup                    text7        04FF
_spiInit                  text8        03F2
_spiRead                  text5        03DC
_spiReceiveWait           text6        03D5
_spiWrite                 text4        03CF
_sprintf                  text1        05DF
btemp                     (abs)        007E
end_of_initialization     cinit        07FC
intlevel0                 functab      0000
intlevel1                 functab      0000
intlevel2                 functab      0000
intlevel3                 functab      0000
intlevel4                 functab      0000
intlevel5                 functab      0000
main@adc0                 cstackBANK1  00E6
main@adc1                 cstackBANK1  00E8
main@cnt                  cstackBANK1  00EA
main@display0             cstackBANK1  00D2
main@display1             cstackBANK1  00DC
main@display2             cstackBANK1  00A0
reset_vec                 reset_vec    0000
spiInit@sClockIdle        cstackCOMMON 0071
spiInit@sDataSample       cstackCOMMON 0070
spiInit@sTransmitEdge     cstackCOMMON 0072
spiInit@sType             cstackCOMMON 0073
spiWrite@dat              cstackCOMMON 0070
sprintf@ap                cstackBANK0  0027
sprintf@c                 cstackBANK0  002C
sprintf@f                 cstackBANK0  0020
sprintf@flag              cstackBANK0  0026
sprintf@prec              cstackBANK0  002A
sprintf@sp                cstackBANK0  002B
sprintf@val               cstackBANK0  0028
start                     init         0000
start_initialization      cinit        07FC
wtemp0                    (abs)        007E


MODULE INFORMATION

Module		Function		Class		Link	Load	Size
LCD8.c
		_Lcd_Write_String		CODE           	04BD	0000	66
		_Lcd_Init      		CODE           	0587	0000	88
		_Lcd_Write_Char		CODE           	0422	0000	28
		_Lcd_Cmd       		CODE           	0408	0000	26
		_Lcd_Set_Cursor		CODE           	043E	0000	32
		_Lcd_Clear     		CODE           	03E5	0000	13
		_Lcd_Port      		CODE           	03C9	0000	6

LCD8.c estimated size: 259

C:\Program Files\Microchip\xc8\v2.40\pic\sources\c90\common\doprnt.c
		_sprintf       		CODE           	05DF	0000	193

C:\Program Files\Microchip\xc8\v2.40\pic\sources\c90\common\doprnt.c estimated size: 193

C:\Program Files\Microchip\xc8\v2.40\pic\sources\c90\common\Umul16.c
		___wmul        		CODE           	045E	0000	37

C:\Program Files\Microchip\xc8\v2.40\pic\sources\c90\common\Umul16.c estimated size: 37

C:\Program Files\Microchip\xc8\v2.40\pic\sources\c90\common\lwmod.c
		___lwmod       		CODE           	0483	0000	58

C:\Program Files\Microchip\xc8\v2.40\pic\sources\c90\common\lwmod.c estimated size: 58

shared
		__stringtab    		STRING         	0003	0000	16
		_dpowers       		STRING         	0013	0000	10
		__initialization		CODE           	07FC	0000	1

shared estimated size: 27

SPI.c
		_spiWrite      		CODE           	03CF	0000	6
		_spiInit       		CODE           	03F2	0000	22
		_spiReceiveWait		CODE           	03D5	0000	7
		_spiRead       		CODE           	03DC	0000	9

SPI.c estimated size: 44

main_master.c
		_main          		CODE           	06A0	0000	348
		_setup         		CODE           	04FF	0000	68

main_master.c estimated size: 416

C:\Program Files\Microchip\xc8\v2.40\pic\sources\c90\common\lwdiv.c
		___lwdiv       		CODE           	0543	0000	68

C:\Program Files\Microchip\xc8\v2.40\pic\sources\c90\common\lwdiv.c estimated size: 68

